Load Map - Tue Mar 19 17:08:26 GMT 2019

Main class:       ManeuverWithMotor
Classes:          51
Interfaces:       3
Methods:          117
Constants:        70
Instance fields:  76
Static fields:    23
Static data size: 100
Code size:        6214
Start address:    10000
End address:      11845

100d8 100d9 java.lang.Object.<init>()
100de 100f1 java.lang.Object.getClass()
100fb 1010f java.lang.Object.clone()
10119 1013d java.lang.Object.toString()
10224 10235 java.lang.Thread.run()
1023a 10240 java.lang.Thread.setName(java.lang.String)
10244 1026f java.lang.Thread.sleep(long)
10273 10278 java.lang.Thread.<clinit>()
10286 1028c java.lang.Thread.<init>()
10290 102a8 java.lang.Thread.<init>(java.lang.Runnable)
102ac 102cb java.lang.Thread.<init>(java.lang.Runnable, java.lang.String)
102d5 10305 java.lang.Thread.toString()
1030f 10314 java.lang.Thread.getName()
1036e 103ad com.ridgesoft.intellibrain.StartupThread.run()
103f9 10403 java.lang.String.createString(byte[])
10407 10416 java.lang.String.<init>(byte[], int)
1041a 1042b java.lang.String.<init>()
1042f 10444 java.lang.String.<init>(byte[])
10449 10454 java.lang.String.getBytes()
10459 1045f java.lang.String.length()
10464 10486 java.lang.String.getBytes(int, int, byte[], int)
1048a 104ba java.lang.String.<init>(char[], int, int)
104be 104e8 java.lang.String.<init>(byte[], int, int)
104ec 104f1 java.lang.String.valueOf(java.lang.Object)
104f6 104f8 java.lang.String.toString()
1058c 1068a java.lang.Throwable.vmThrow(int)
10696 106bb java.lang.Throwable.<init>()
106c8 1076d java.lang.Throwable.printStackTrace()
10771 10798 java.lang.Throwable.<clinit>()
107a1 107a9 java.lang.Throwable.init()
107b5 107f7 java.lang.Throwable.<init>(java.lang.String)
1089d 108a7 java.lang.InternalError.<init>()
108ab 108b6 java.lang.InternalError.<init>(java.lang.String)
108e5 108ef java.lang.OutOfMemoryError.<init>()
108f3 108fe java.lang.OutOfMemoryError.<init>(java.lang.String)
1092f 10939 java.lang.StackOverflowError.<init>()
1093d 10948 java.lang.StackOverflowError.<init>(java.lang.String)
10d0f 10d2e ManeuverWithMotor.main(java.lang.String[])
10d32 10d5b ManeuverWithMotor.goForward(int)
10d5f 10d8a ManeuverWithMotor.rotate90()
10d96 10da4 ManeuverWithMotor.wait(int)
10dd8 10dee java.io.OutputStream.write(byte[])
10df8 10df9 java.io.OutputStream.flush()
10dfe 10e1c java.io.OutputStream.write(byte[], int, int)
10e57 10e61 java.io.FilterOutputStream.<init>(java.io.OutputStream)
10e66 10e6f java.io.FilterOutputStream.write(byte[])
10e74 10e7d java.io.FilterOutputStream.write(int)
10e82 10e8a java.io.FilterOutputStream.flush()
10e8f 10e9a java.io.FilterOutputStream.write(byte[], int, int)
10ecd 10ed8 java.io.PrintStream.<init>(java.io.OutputStream)
10edd 10ee7 java.io.PrintStream.println(java.lang.String)
10ef4 10f0b java.io.PrintStream.print(java.lang.String)
10f18 10f32 java.io.PrintStream.println()
10f6c 10f7b com.ridgesoft.io.OutputStreamTee.<init>(java.io.OutputStream, java.io.OutputStream)
10f8f 10fa8 com.ridgesoft.io.OutputStreamTee.write(byte[])
10fbc 10fd5 com.ridgesoft.io.OutputStreamTee.write(int)
10fe9 11000 com.ridgesoft.io.OutputStreamTee.flush()
11014 11031 com.ridgesoft.io.OutputStreamTee.write(byte[], int, int)
11080 110e3 com.ridgesoft.io.DisplayOutputStream.<init>(com.ridgesoft.io.Display)
110e7 110f4 com.ridgesoft.io.DisplayOutputStream.<clinit>()
110f9 11102 com.ridgesoft.io.DisplayOutputStream.write(byte[])
11107 11154 com.ridgesoft.io.DisplayOutputStream.write(int)
11159 11185 com.ridgesoft.io.DisplayOutputStream.flush()
1118a 11196 com.ridgesoft.io.DisplayOutputStream.write(byte[], int, int)
1119a 11218 com.ridgesoft.io.DisplayOutputStream.scroll()
11262 112ab com.ridgesoft.vm.DebugOutputStream.write(int)
112b0 112b9 com.ridgesoft.vm.DebugOutputStream.write(byte[])
112c6 112e7 com.ridgesoft.vm.DebugOutputStream.flush()
112eb 112f0 com.ridgesoft.vm.DebugOutputStream.<clinit>()
112f5 11301 com.ridgesoft.vm.DebugOutputStream.write(byte[], int, int)
11324 11328 com.ridgesoft.vm.VM.getDebugOutputStream()
11336 11345 com.ridgesoft.vm.VM.<clinit>()
11380 11397 com.ridgesoft.intellibrain.IntelliBrain.getOutputStream()
1139b 113af com.ridgesoft.intellibrain.IntelliBrain.getLcdDisplay()
113b3 113ba com.ridgesoft.intellibrain.IntelliBrain.<clinit>()
113c6 1146c com.ridgesoft.intellibrain.IntelliBrain.initialize()
1149d 114a2 java.lang.System.setOut(java.io.PrintStream)
114a6 114ab java.lang.System.setErr(java.io.PrintStream)
114fa 114ff java.lang.Class.getName()
11503 1150d java.lang.Class.<init>(java.lang.String)
1155f 1157a java.lang.StringBuilder.<init>(java.lang.String)
1157f 115a8 java.lang.StringBuilder.append(java.lang.String)
115ad 115be java.lang.StringBuilder.toString()
115c3 115fc java.lang.StringBuilder.ensureCapacity(int)
11601 1165c java.lang.StringBuilder.append(int)
11661 1168e java.lang.StringBuilder.append(char[], int, int)
11692 116a4 java.lang.StringBuilder.<init>()
116cb 1170f java.lang.Integer.toHexString(int)
11714 1171c java.lang.Integer.toString()
11720 1172f java.lang.Integer.toString(int)
11777 1177c com.ridgesoft.io.Display.getWidth()
11781 11786 com.ridgesoft.io.Display.getHeight()
1178a 1179b com.ridgesoft.io.Display.<init>(int, int)
117a0 117d4 com.ridgesoft.io.Display.print(int, byte[])
1180e 11816 com.ridgesoft.intellibrain.IntelliBrainDisplay.<init>()
1181b 11822 com.ridgesoft.intellibrain.IntelliBrainDisplay.printChar(int, int, byte)
